
2024-05-21 14:00:05,123 INFO     uvicorn.error:main.py:55: Started server process [8081]
2024-05-21 14:00:05,124 INFO     uvicorn.error:on.py:23: Waiting for application startup.
2024-05-21 14:00:05,130 INFO     uvicorn.error:on.py:46: Application startup complete.
2024-05-21 14:00:10,201 INFO     sentinel:utils.py:12: Analysis completed | service=auth-service | status=HEALTHY
2024-05-21 14:00:14,378 INFO     sentinel:utils.py:12: Analysis completed | service=payment-gateway | status=DEGRADED
2024-05-21 14:00:18,900 INFO     sentinel:utils.py:12: Analysis completed | service=user-profile | status=HEALTHY
2024-05-21 14:00:20,001 ERROR    uvicorn.error:protocols.py:551: Exception in ASGI application
Traceback (most recent call last):
  File "C:\Python311\Lib\site-packages\uvicorn\protocols\http\httptools_impl.py", line 399, in run_asgi
    result = await app(self.scope, self.receive, self.send)
  File "C:\Python311\Lib\site-packages\uvicorn\middleware\proxy_headers.py", line 70, in __call__
    return await self.app(scope, receive, send)
  File "C:\Python311\Lib\site-packages\fastapi\applications.py", line 1054, in __call__
    await super().__call__(scope, receive, send)
  File "C:\Python311\Lib\site-packages\starlette\middleware\errors.py", line 186, in __call__
    raise exc
  File "C:\Python311\Lib\site-packages\starlette\routing.py", line 79, in handle
    await route.handle(scope, receive, send)
  File "E:\ai_ops_lab\test-python-code\main.py", line 26, in analyze_metric
    report = analyze_single_metric(metric)
  File "E:\ai_ops_lab\test-python-code\services.py", line 44, in analyze_single_metric
    error_rate = compute_error_rate(metric)
  File "E:\ai_ops_lab\test-python-code\services.py", line 9, in compute_error_rate
    error_rate = metric.failed_requests / metric.total_requests
ZeroDivisionError: division by zero
